

                             _   _
                            (_) | |
      __ _   _ __   __   __  _  | |
     / _` | | '_ \  \ \ / / | | | |
    | (_| | | | | |  \ V /  | | | |
     \__,_| |_| |_|   \_/   |_| |_|

    1.8.1 (982849d314 2026-08-28T17:46:00.964391484Z)
    https://github.com/foundry-rs/foundry

Available Accounts
==================

(0) 0xf39Fd6e51aad88F6F4ce6aB8827279cffFb92266 (10000.000000000000000000 ETH)
(1) 0x70997970C51812dc3A010C7d01b50e0d17dc79C8 (10000.000000000000000000 ETH)
(2) 0x3C44CdDdB6a900fa2b585dd299e03d12FA4293BC (10000.000000000000000000 ETH)
(3) 0x90F79bf6EB2c4f870365E785982E1f101E93b906 (10000.000000000000000000 ETH)
(4) 0x15d34AAf54267DB7D7c367839AAf71A00a2C6A65 (10000.000000000000000000 ETH)
(5) 0x9965507D1a55bcC2695C58ba16FB37d819B0A4dc (10000.000000000000000000 ETH)
(6) 0x976EA74026E726554dB657fA54763abd0C3a0aa9 (10000.000000000000000000 ETH)
(7) 0x14dC79964da2C08b23698B3D3cc7Ca32193d9955 (10000.000000000000000000 ETH)
(8) 0x23618e81E3f5cdF7f54C3d65f7FBc0aBf5B21E8f (10000.000000000000000000 ETH)
(9) 0xa0Ee7A142d267C1f36714E4a8F75612F20a79720 (10000.000000000000000000 ETH)

Private Keys
==================

(0) 0xac0974bec39a17e36ba4a6b4d238ff944bacb478cbed5efcae784d7bf4f2ff80
(1) 0x59c6995e998f97a5a0044966f0945389dc9e86dae88c7a8412f4603b6b78690d
(2) 0x5de4111afa1a4b94908f83103eb1f1706367c2e68ca870fc3fb9a804cdab365a
(3) 0x7c852118294e51e653712a81e05800f419141751be58f605c371e15141b007a6
(4) 0x47e179ec197488593b187f80a00eb0da91f1b9d0b13f8733639f19c30a34926a
(5) 0x8b3a350cf5c34c9194ca85829a2df0ec3153be0318b5e2d3348e872092edffba
(6) 0x92db14e403b83dfe3df233f83dfa3a0d7096f21ca9b0d6d6b8d88b2b4ec1564e
(7) 0x4bbbf85ce3377467afe5d46f804f221813b2bb87f24d81f60f1fcdbf7cbf4356
(8) 0xdbda1821b80551c9d65939329250298aa3472ba22feea921c0cf5d620ea67b97
(9) 0x2a871d0798f97d79848a013d4936a73bf4cc922c825d33c1cf7073dff6d409c6

Wallet
==================
Mnemonic:          test test test test test test test test test test test junk
Derivation path:   m/44'/60'/0'/0/


Chain ID
==================

31337

Base Fee
==================

1000000000

Gas Limit
==================

30000000

Genesis Timestamp
==================

1789815197

Genesis Number
==================

0

Listening on 127.0.0.1:8545
eth_chainId
anvil_nodeInfo
anvil_metadata
eth_chainId
anvil_nodeInfo
anvil_metadata
anvil_nodeInfo
anvil_metadata
eth_getBlockByNumber
anvil_nodeInfo
anvil_metadata
anvil_nodeInfo
anvil_metadata
eth_getTransactionCount
anvil_nodeInfo
anvil_metadata
anvil_nodeInfo
anvil_metadata
eth_getCode
anvil_nodeInfo
anvil_metadata
anvil_nodeInfo
anvil_metadata
eth_getBlockByHash
anvil_nodeInfo
anvil_metadata
eth_gasPrice
anvil_nodeInfo
anvil_metadata
anvil_nodeInfo
anvil_metadata
eth_getBlockByHash
anvil_nodeInfo
anvil_metadata
eth_getCode
eth_getAccountInfo
eth_getAccount
eth_getCode
eth_getTransactionCount
eth_getBalance
eth_getTransactionCount
eth_getBalance
eth_getCode
eth_getCode
eth_getBalance
eth_getTransactionCount
eth_getBalance
eth_getTransactionCount
eth_getCode
eth_getBalance
eth_getTransactionCount
eth_getCode
eth_getCode
eth_getTransactionCount
eth_getBalance
eth_getBalance
eth_getTransactionCount
eth_getCode
eth_getCode
eth_getBalance
eth_getTransactionCount
eth_getCode
eth_getBalance
eth_getTransactionCount
eth_getBalance
eth_getTransactionCount
eth_getCode
eth_getCode
eth_getBalance
eth_getTransactionCount
eth_getTransactionCount
eth_getBalance
eth_getCode
eth_getTransactionCount
eth_getBalance
eth_getCode
anvil_nodeInfo
anvil_metadata
eth_getBlockByHash
anvil_nodeInfo
anvil_metadata
eth_gasPrice
anvil_nodeInfo
anvil_metadata
eth_feeHistory
eth_feeHistory
eth_sendRawTransaction
eth_sendRawTransaction
eth_sendRawTransaction
eth_sendRawTransaction
eth_sendRawTransaction
eth_sendRawTransaction
eth_sendRawTransaction
eth_sendRawTransaction
eth_sendRawTransaction
eth_sendRawTransaction
eth_sendRawTransaction

    Transaction: 0x1c43e3af6b0a8a3c05f241983d147bdff7cdc1e98b4e2d16ff80a6cf6bc5e622
    Contract created: 0x5FbDB2315678afecb367f032d93F642f64180aa3
    Gas used: 607148
eth_sendRawTransaction

    Transaction: 0x48b79f290f30836c299ebffd7cd810e514b61c84255bdbdba428e6849b5bbba3
    Gas used: 70703

    Block Number: 1
    Block Hash: 0xf390a8d2a944fe7da7cde8d1cc5d764f5735fd8404d6d9e58bff730a61f692eb
    Block Time: "Sat, 19 Sep 2026 10:53:21 +0000"

eth_getTransactionReceipt
eth_getTransactionReceipt
eth_getTransactionReceipt
eth_getTransactionReceipt
eth_getTransactionReceipt
eth_getTransactionReceipt
eth_getTransactionReceipt
eth_getTransactionReceipt
eth_getTransactionReceipt
eth_getTransactionReceipt
eth_blockNumber
eth_getTransactionReceipt
eth_getTransactionReceipt
eth_getTransactionReceipt
eth_getBlockByNumber
eth_getBlockByNumber
eth_getTransactionReceipt
eth_getTransactionReceipt
eth_getTransactionReceipt
eth_getTransactionReceipt
eth_getTransactionReceipt
eth_getTransactionReceipt
eth_getTransactionReceipt

    Transaction: 0x09c20f057aedb682280f119a3449631a58cd417fd3610458210ccd66121d025e
    Contract created: 0x9fE46736679d2D9a65F0992F2272dE9f3c7fa6e0
    Gas used: 2101145

    Transaction: 0x5a7241c133b1f6da04e3ec3b39f9e2142c751d085c69b5c7be3289d401cbed68
    Gas used: 51616

    Transaction: 0xfdef72d888b9ff508f50fa401fecec66f8ac6c4def387771a7cfb3783b0cd667
    Contract created: 0xDc64a140Aa3E981100a9becA4E685f962f0cF6C9
    Gas used: 502422

    Transaction: 0xe23eabe510118272f3bcfacc4fc5cd0178f446d1c5a3f4a1255f5e04a584bad0
    Contract created: 0x5FC8d32690cc91D4c39d9d3abcBD16989F875707
    Gas used: 2066744

    Transaction: 0x5c8cb3f8efcf5d7d6ec6b920f96dca2b6b126e3668a7b56c1676b68f36cd74a4
    Contract created: 0x0165878A594ca255338adfa4d48449f69242Eb8F
    Gas used: 248612

    Transaction: 0x4bd922d58d547c34b9ed9b4cf6b9fc4266a2f48a314a6594c5d79569820b0544
    Contract created: 0xa513E6E4b8f2a923D98304ec87F64353C4D5C853
    Gas used: 180615

    Transaction: 0xe3af853e64d6ce6ce763ff6619111f96d824cd7a38332228db36295b59c4fbfe
    Gas used: 51209

    Transaction: 0xb368c66544355e19b94ecaf699565ff8d08ca691a6da95c8757c0e2a4e81f0ad
    Contract created: 0x8A791620dd6260079BF849Dc5567aDC3F2FdC318
    Gas used: 207168

    Transaction: 0x06876aa68ae69e4eeadc41d99fbbd4d197d0bafb13bd23e57194164f8639fa14
    Contract created: 0x610178dA211FEF7D417bC0e6FeD39F05609AD788
    Gas used: 237303

    Transaction: 0xb074ac6f471baa67f3470c0c84dc20de8afef9128c372703fcf1513586b56838
    Gas used: 44173

    Block Number: 2
    Block Hash: 0x7977b0ca58d253ae4378b4b69343a0c93d8c8c781392343ac50c341c75a6fd0b
    Block Time: "Sat, 19 Sep 2026 10:53:21 +0000"

eth_getTransactionReceipt
eth_getTransactionReceipt
eth_getTransactionReceipt
eth_getTransactionReceipt
eth_getTransactionReceipt
eth_getTransactionReceipt
eth_getTransactionReceipt
eth_getTransactionReceipt
eth_blockNumber
eth_getTransactionReceipt
eth_getTransactionReceipt
eth_getTransactionReceipt
eth_getBlockByNumber
eth_chainId
eth_getTransactionCount
eth_feeHistory
eth_estimateGas
eth_sendRawTransaction
eth_getTransactionReceipt
eth_getTransactionReceipt
eth_blockNumber
eth_getBlockByNumber
eth_getBlockByNumber
eth_getTransactionReceipt

    Transaction: 0x52b05a775189ca13c9d7693f142d46af021806f6b0e52bfe989e28d495dfc472
    Gas used: 46319

    Block Number: 3
    Block Hash: 0x92b34f1499c24132131bd88cc6f97b35520572831b0fb629fa785ed70f51339a
    Block Time: "Sat, 19 Sep 2026 10:53:21 +0000"

eth_getTransactionReceipt
eth_blockNumber
eth_getBlockByNumber
eth_chainId
eth_getTransactionCount
eth_feeHistory
eth_estimateGas
eth_sendRawTransaction
eth_getTransactionReceipt
eth_getTransactionReceipt
eth_blockNumber
eth_getBlockByNumber
eth_getBlockByNumber
eth_getTransactionReceipt

    Transaction: 0x75e7a80a0b2fb7ebf9be5fa95686129e47258cee3af800ceb16aa6a58ed99f3c
    Gas used: 183381

    Block Number: 4
    Block Hash: 0xf88dfee350c601f0ee60b08928e55ffb0d7878be83594f58f4023715e89541e3
    Block Time: "Sat, 19 Sep 2026 10:53:21 +0000"

eth_getTransactionReceipt
eth_blockNumber
eth_getBlockByNumber
eth_chainId
eth_getTransactionCount
eth_call
eth_getBlockByNumber
eth_maxPriorityFeePerGas
eth_getCode
eth_estimateGas
eth_sendRawTransaction
eth_getBlockByNumber
eth_maxPriorityFeePerGas
eth_getCode
eth_estimateGas
eth_sendRawTransaction

    Transaction: 0xc01f8e14754c6b6ee36d1b0563bdfecf94ff4ff013bebf12e5a50efafbc7f10a
    Gas used: 60304

    Transaction: 0xf8a0a60a1d09f0af3c99ce31d965c98cd008ac571efc23b0fa7cfa73e5ad6eee
    Gas used: 120057

    Block Number: 5
    Block Hash: 0x8a05b250a353b7d0d3edb5fbd6d24dbca9ecec768dea5dc339db852fa563747a
    Block Time: "Sat, 19 Sep 2026 10:53:26 +0000"

eth_call
eth_getBlockByNumber
eth_maxPriorityFeePerGas
eth_getCode
eth_estimateGas
eth_sendRawTransaction
eth_getBlockByNumber
eth_maxPriorityFeePerGas
eth_getCode
eth_estimateGas
eth_sendRawTransaction

    Transaction: 0xbbb806f538c09b240cf5446107fd9943dc79000ac4178596d80c572c87f690e3
    Gas used: 60316

    Transaction: 0x813079e746716f4eae867aea0d3b00ceb95787ee7a654a85e28f1470e2c71e16
    Gas used: 95798

    Block Number: 6
    Block Hash: 0x8323da2289127a696d5fa4b978da236ab408fdde4979da403300d7dae079d7be
    Block Time: "Sat, 19 Sep 2026 10:53:26 +0000"

