No files changed, compilation skipped
Script ran successfully.

== Logs ==
  MOCK_USDC_ADDRESS= 0x5FbDB2315678afecb367f032d93F642f64180aa3
  TREASURY_CONTRACT_ADDRESS= 0x9fE46736679d2D9a65F0992F2272dE9f3c7fa6e0
  FEE_REGISTRY_CONTRACT_ADDRESS= 0xCf7Ed3AccA5a467e9e704C703E8D87F634fB0Fc9
  SCHOLARSHIP_ESCROW_CONTRACT_ADDRESS= 0x5FC8d32690cc91D4c39d9d3abcBD16989F875707

## Setting up 1 EVM.

==========================

Chain 31337

Estimated max fee per gas: 2.000000001 gwei
Estimated base fee per gas: 1 gwei
Estimated max priority fee per gas: 0.000000001 gwei

Estimated total gas used for script: 6161877

Estimated amount required: 0.012323754006161877 ETH

==========================


==========================

ONCHAIN EXECUTION COMPLETE & SUCCESSFUL.

Transactions saved to: /home/cabon-tech/UniTreasury-Chain/contracts/broadcast/DeployAll.s.sol/31337/run-latest.json

Sensitive values saved to: /home/cabon-tech/UniTreasury-Chain/contracts/cache/DeployAll.s.sol/31337/run-latest.json

